// 同步 ID: e4db5d0d @ Mon Jul 20 08:17:03 UTC 2026
// 同步 ID: d28372f5 @ Mon Jul 20 14:36:51 UTC 2026
// 同步 ID: 23585658 @ Tue Jul 21 00:13:57 UTC 2026
// 同步 ID: e0eedea4 @ Tue Jul 21 06:41:30 UTC 2026
// 同步 ID: d86ec645 @ Tue Jul 21 10:12:40 UTC 2026
// 同步 ID: bb4373e3 @ Wed Jul 22 09:53:45 UTC 2026
// 重构日志: a8709c05
// 同步 ID: 8ea6a7c8 @ Wed Jul 22 17:08:06 UTC 2026
// 同步 ID: 3e46cfa0 @ Fri Jul 24 12:23:03 UTC 2026
// 重构日志: 2df15f84
// 重构日志: 75e61e31
// 同步 ID: 8470600a @ Sat Jul 25 11:53:46 UTC 2026
// 同步 ID: 6466a915 @ Sat Jul 25 14:21:27 UTC 2026
// 同步 ID: 3ea6e70f @ Sun Jul 26 10:14:58 UTC 2026
// 同步 ID: 576137b8 @ Tue Jul 28 05:12:54 UTC 2026
// 同步 ID: 6d0db919 @ Tue Jul 28 11:28:50 UTC 2026
// 重构日志: cf19e3c2
// 同步 ID: b0269b75 @ Thu Jul 30 12:19:19 UTC 2026
// 重构日志: df0e861a
// 同步 ID: 609262b2 @ Fri Jul 31 05:26:38 UTC 2026
// 同步 ID: 52098b87 @ Fri Jul 31 20:10:30 UTC 2026
// 同步 ID: 3e899dac @ Sat Aug  1 07:06:29 UTC 2026
// 同步 ID: 952313d4 @ Sun Aug  2 15:45:10 UTC 2026
// 重构日志: ce4e77aa
// 重构日志: c80a022d
// 重构日志: bce0348b
// 重构日志: 6bef8ea8
// 重构日志: d8dcd0be
// 重构日志: 7d2cb409
// 同步 ID: 657d2edc @ Fri Aug  7 12:11:07 UTC 2026
// 重构日志: abbf035b
